


ARM Macro Assembler    Page 1 


    1 00000000                 AREA             RESET, DATA, READONLY
    2 00000000                 EXPORT           __Vectors
    3 00000000         
    4 00000000         __Vectors
    5 00000000         
    6 00000000 10001000        DCD              0X10001000
    7 00000004 00000000        DCD              Reset_Handler
    8 00000008                 ALIGN
    9 00000008                 AREA             mycode, CODE, READONLY
   10 00000000                 ENTRY
   11 00000000                 EXPORT           Reset_Handler
   12 00000000         
   13 00000000         Reset_Handler
   14 00000000 480E            LDR              R0,=N1
   15 00000002 490F            LDR              R1,=DST
   16 00000004 6802            LDR              R2,[R0]
   17 00000006 F04F 040A       MOV              R4,#0xA
   18 0000000A F04F 0500       MOV              R5,#0
   19 0000000E F04F 070F       MOV              R7,#0xF
   20 00000012 4616    UP      MOV              R6,R2
   21 00000014 EA06 0607       AND              R6,R7
   22 00000018 FB06 5503       MLA              R5,R6,R3,R5
   23 0000001C FB03 F304       MUL              R3,R4
   24 00000020 EA4F 1212       LSR              R2,#4
   25 00000024 2A00            CMP              R2,#0
   26 00000026 D1F4            BNE              UP
   27 00000028 600D            STR              R5,[R1]
   28 0000002A         STOP
   29 0000002A E7FE            B                STOP
   30 0000002C 00000015 
              00000023 
              00000023 
              00000029 N1      DCD              0x15,0x23,0x23,0x29
   31 0000003C 00000000 
              00000000         AREA             mydata, DATA, READWRITE
   32 00000000 00000000 
                       DST     DCD              0
   33 00000004                 END
Command Line: --debug --xref --cpu=Cortex-M3 --apcs=interwork --depend=.\sample
.d -o.\sample.o -IC:\Keil\ARM\RV31\INC -IC:\Keil\ARM\CMSIS\Include -IC:\Keil\AR
M\Inc\NXP\LPC17xx --predefine="__EVAL SETA 1" --list=.\sample.lst sample.s



ARM Macro Assembler    Page 1 Alphabetic symbol ordering
Relocatable symbols

RESET 00000000

Symbol: RESET
   Definitions
      At line 1 in file sample.s
   Uses
      None
Comment: RESET unused
__Vectors 00000000

Symbol: __Vectors
   Definitions
      At line 4 in file sample.s
   Uses
      At line 2 in file sample.s
Comment: __Vectors used once
2 symbols



ARM Macro Assembler    Page 1 Alphabetic symbol ordering
Relocatable symbols

N1 0000002C

Symbol: N1
   Definitions
      At line 30 in file sample.s
   Uses
      At line 14 in file sample.s
Comment: N1 used once
Reset_Handler 00000000

Symbol: Reset_Handler
   Definitions
      At line 13 in file sample.s
   Uses
      At line 7 in file sample.s
      At line 11 in file sample.s

STOP 0000002A

Symbol: STOP
   Definitions
      At line 28 in file sample.s
   Uses
      At line 29 in file sample.s
Comment: STOP used once
UP 00000012

Symbol: UP
   Definitions
      At line 20 in file sample.s
   Uses
      At line 26 in file sample.s
Comment: UP used once
mycode 00000000

Symbol: mycode
   Definitions
      At line 9 in file sample.s
   Uses
      None
Comment: mycode unused
5 symbols



ARM Macro Assembler    Page 1 Alphabetic symbol ordering
Relocatable symbols

DST 00000000

Symbol: DST
   Definitions
      At line 32 in file sample.s
   Uses
      At line 15 in file sample.s
Comment: DST used once
mydata 00000000

Symbol: mydata
   Definitions
      At line 31 in file sample.s
   Uses
      None
Comment: mydata unused
2 symbols
342 symbols in table
