<html>
<body>
<pre>
<h1>µVision Build Log</h1>
<h2>Project:</h2>
C:\Users\student\Desktop\210905400_M.V.Balaji\Lab1\Sample\samp.uvproj
Project File Date:  02/08/2023

<h2>Output:</h2>
Build target 'Target 1'
assembling samp.s...
linking...
Program Size: Code=16 RO-data=8 RW-data=0 ZI-data=0  
".\samp.axf" - 0 Error(s), 0 Warning(s).
</pre>
</body>
</html>
not created
 expecting opcode or Macro
samp.s(3): error: A1355U: A Label was found which was in no AREA
".\samp.axf" - 3 Error(s), 0 Warning(s).
Target not created
